Archive member included because of file (symbol)

c:/winavr-20100110/bin/../lib/gcc/avr/4.3.3/avr4\libgcc.a(_divmodhi4.o)
                              main.o (__divmodhi4)
c:/winavr-20100110/bin/../lib/gcc/avr/4.3.3/avr4\libgcc.a(_exit.o)
                              c:/winavr-20100110/bin/../lib/gcc/avr/4.3.3/../../../../avr/lib/avr4/crtm8535.o (exit)
c:/winavr-20100110/bin/../lib/gcc/avr/4.3.3/avr4\libgcc.a(_copy_data.o)
                              main.o (__do_copy_data)
c:/winavr-20100110/bin/../lib/gcc/avr/4.3.3/avr4\libgcc.a(_clear_bss.o)
                              main.o (__do_clear_bss)
c:/winavr-20100110/bin/../lib/gcc/avr/4.3.3/avr4\libgcc.a(_fixunssfsi.o)
                              main.o (__fixunssfsi)
c:/winavr-20100110/bin/../lib/gcc/avr/4.3.3/avr4\libgcc.a(_addsub_sf.o)
                              c:/winavr-20100110/bin/../lib/gcc/avr/4.3.3/avr4\libgcc.a(_fixunssfsi.o) (__subsf3)
c:/winavr-20100110/bin/../lib/gcc/avr/4.3.3/avr4\libgcc.a(_mul_sf.o)
                              main.o (__mulsf3)
c:/winavr-20100110/bin/../lib/gcc/avr/4.3.3/avr4\libgcc.a(_gt_sf.o)
                              main.o (__gtsf2)
c:/winavr-20100110/bin/../lib/gcc/avr/4.3.3/avr4\libgcc.a(_ge_sf.o)
                              c:/winavr-20100110/bin/../lib/gcc/avr/4.3.3/avr4\libgcc.a(_fixunssfsi.o) (__gesf2)
c:/winavr-20100110/bin/../lib/gcc/avr/4.3.3/avr4\libgcc.a(_lt_sf.o)
                              main.o (__ltsf2)
c:/winavr-20100110/bin/../lib/gcc/avr/4.3.3/avr4\libgcc.a(_si_to_sf.o)
                              main.o (__floatsisf)
c:/winavr-20100110/bin/../lib/gcc/avr/4.3.3/avr4\libgcc.a(_sf_to_si.o)
                              c:/winavr-20100110/bin/../lib/gcc/avr/4.3.3/avr4\libgcc.a(_fixunssfsi.o) (__fixsfsi)
c:/winavr-20100110/bin/../lib/gcc/avr/4.3.3/avr4\libgcc.a(_thenan_sf.o)
                              c:/winavr-20100110/bin/../lib/gcc/avr/4.3.3/avr4\libgcc.a(_addsub_sf.o) (__thenan_sf)
c:/winavr-20100110/bin/../lib/gcc/avr/4.3.3/avr4\libgcc.a(_udivmodhi4.o)
                              c:/winavr-20100110/bin/../lib/gcc/avr/4.3.3/avr4\libgcc.a(_divmodhi4.o) (__udivmodhi4)
c:/winavr-20100110/bin/../lib/gcc/avr/4.3.3/avr4\libgcc.a(_prologue.o)
                              c:/winavr-20100110/bin/../lib/gcc/avr/4.3.3/avr4\libgcc.a(_addsub_sf.o) (__prologue_saves__)
c:/winavr-20100110/bin/../lib/gcc/avr/4.3.3/avr4\libgcc.a(_epilogue.o)
                              c:/winavr-20100110/bin/../lib/gcc/avr/4.3.3/avr4\libgcc.a(_addsub_sf.o) (__epilogue_restores__)
c:/winavr-20100110/bin/../lib/gcc/avr/4.3.3/avr4\libgcc.a(_clzsi2.o)
                              c:/winavr-20100110/bin/../lib/gcc/avr/4.3.3/avr4\libgcc.a(_si_to_sf.o) (__clzsi2)
c:/winavr-20100110/bin/../lib/gcc/avr/4.3.3/avr4\libgcc.a(_pack_sf.o)
                              c:/winavr-20100110/bin/../lib/gcc/avr/4.3.3/avr4\libgcc.a(_addsub_sf.o) (__pack_f)
c:/winavr-20100110/bin/../lib/gcc/avr/4.3.3/avr4\libgcc.a(_unpack_sf.o)
                              c:/winavr-20100110/bin/../lib/gcc/avr/4.3.3/avr4\libgcc.a(_addsub_sf.o) (__unpack_f)
c:/winavr-20100110/bin/../lib/gcc/avr/4.3.3/avr4\libgcc.a(_fpcmp_parts_sf.o)
                              c:/winavr-20100110/bin/../lib/gcc/avr/4.3.3/avr4\libgcc.a(_gt_sf.o) (__fpcmp_parts_f)
c:/winavr-20100110/bin/../lib/gcc/avr/4.3.3/avr4\libgcc.a(_clz.o)
                              c:/winavr-20100110/bin/../lib/gcc/avr/4.3.3/avr4\libgcc.a(_clzsi2.o) (__clz_tab)
c:/winavr-20100110/bin/../lib/gcc/avr/4.3.3/../../../../avr/lib/avr4\libc.a(rand.o)
                              leds.o (rand)
c:/winavr-20100110/bin/../lib/gcc/avr/4.3.3/avr4\libgcc.a(_mulsi3.o)
                              c:/winavr-20100110/bin/../lib/gcc/avr/4.3.3/../../../../avr/lib/avr4\libc.a(rand.o) (__mulsi3)
c:/winavr-20100110/bin/../lib/gcc/avr/4.3.3/avr4\libgcc.a(_divmodsi4.o)
                              c:/winavr-20100110/bin/../lib/gcc/avr/4.3.3/../../../../avr/lib/avr4\libc.a(rand.o) (__divmodsi4)
c:/winavr-20100110/bin/../lib/gcc/avr/4.3.3/avr4\libgcc.a(_udivmodsi4.o)
                              c:/winavr-20100110/bin/../lib/gcc/avr/4.3.3/avr4\libgcc.a(_divmodsi4.o) (__udivmodsi4)

Allocating common symbols
Common symbol       size              file

d1                  0x1               display.o
cnt                 0x1               uart.o
display_temp        0x1               display.o
results             0x6               main.o
c                   0x4               display.o
timer_control       0x2               main.o
d2                  0x1               display.o
timer_ms_buff       0x2               main.o
divider             0x2               uart.o
d4                  0x1               display.o
debug_activate_ms   0x2               main.o
d3                  0x1               display.o

Memory Configuration

Name             Origin             Length             Attributes
text             0x00000000         0x00002000         xr
data             0x00800060         0x0000ffa0         rw !x
eeprom           0x00810000         0x00010000         rw !x
fuse             0x00820000         0x00000400         rw !x
lock             0x00830000         0x00000400         rw !x
signature        0x00840000         0x00000400         rw !x
*default*        0x00000000         0xffffffff

Linker script and memory map

LOAD c:/winavr-20100110/bin/../lib/gcc/avr/4.3.3/../../../../avr/lib/avr4/crtm8535.o
LOAD main.o
LOAD keyboard.o
LOAD uart.o
LOAD display.o
LOAD leds.o
LOAD buzzer.o
LOAD timer1.o
LOAD c:/winavr-20100110/bin/../lib/gcc/avr/4.3.3/avr4\libgcc.a
LOAD c:/winavr-20100110/bin/../lib/gcc/avr/4.3.3/../../../../avr/lib/avr4\libc.a
LOAD c:/winavr-20100110/bin/../lib/gcc/avr/4.3.3/avr4\libgcc.a

.hash
 *(.hash)

.dynsym
 *(.dynsym)

.dynstr
 *(.dynstr)

.gnu.version
 *(.gnu.version)

.gnu.version_d
 *(.gnu.version_d)

.gnu.version_r
 *(.gnu.version_r)

.rel.init
 *(.rel.init)

.rela.init
 *(.rela.init)

.rel.text
 *(.rel.text)
 *(.rel.text.*)
 *(.rel.gnu.linkonce.t*)

.rela.text
 *(.rela.text)
 *(.rela.text.*)
 *(.rela.gnu.linkonce.t*)

.rel.fini
 *(.rel.fini)

.rela.fini
 *(.rela.fini)

.rel.rodata
 *(.rel.rodata)
 *(.rel.rodata.*)
 *(.rel.gnu.linkonce.r*)

.rela.rodata
 *(.rela.rodata)
 *(.rela.rodata.*)
 *(.rela.gnu.linkonce.r*)

.rel.data
 *(.rel.data)
 *(.rel.data.*)
 *(.rel.gnu.linkonce.d*)

.rela.data
 *(.rela.data)
 *(.rela.data.*)
 *(.rela.gnu.linkonce.d*)

.rel.ctors
 *(.rel.ctors)

.rela.ctors
 *(.rela.ctors)

.rel.dtors
 *(.rel.dtors)

.rela.dtors
 *(.rela.dtors)

.rel.got
 *(.rel.got)

.rela.got
 *(.rela.got)

.rel.bss
 *(.rel.bss)

.rela.bss
 *(.rela.bss)

.rel.plt
 *(.rel.plt)

.rela.plt
 *(.rela.plt)

.text           0x00000000     0x147a
 *(.vectors)
 .vectors       0x00000000       0x2a c:/winavr-20100110/bin/../lib/gcc/avr/4.3.3/../../../../avr/lib/avr4/crtm8535.o
                0x00000000                __vectors
                0x00000000                __vector_default
 *(.vectors)
 *(.progmem.gcc*)
 *(.progmem*)
                0x0000002a                . = ALIGN (0x2)
                0x0000002a                __trampolines_start = .
 *(.trampolines)
 .trampolines   0x0000002a        0x0 linker stubs
 *(.trampolines*)
                0x0000002a                __trampolines_end = .
 *(.jumptables)
 *(.jumptables*)
 *(.lowtext)
 *(.lowtext*)
                0x0000002a                __ctors_start = .
 *(.ctors)
                0x0000002a                __ctors_end = .
                0x0000002a                __dtors_start = .
 *(.dtors)
                0x0000002a                __dtors_end = .
 SORT(*)(.ctors)
 SORT(*)(.dtors)
 *(.init0)
 .init0         0x0000002a        0x0 c:/winavr-20100110/bin/../lib/gcc/avr/4.3.3/../../../../avr/lib/avr4/crtm8535.o
                0x0000002a                __init
 *(.init0)
 *(.init1)
 *(.init1)
 *(.init2)
 .init2         0x0000002a        0xc c:/winavr-20100110/bin/../lib/gcc/avr/4.3.3/../../../../avr/lib/avr4/crtm8535.o
 *(.init2)
 *(.init3)
 *(.init3)
 *(.init4)
 .init4         0x00000036       0x16 c:/winavr-20100110/bin/../lib/gcc/avr/4.3.3/avr4\libgcc.a(_copy_data.o)
                0x00000036                __do_copy_data
 .init4         0x0000004c       0x10 c:/winavr-20100110/bin/../lib/gcc/avr/4.3.3/avr4\libgcc.a(_clear_bss.o)
                0x0000004c                __do_clear_bss
 *(.init4)
 *(.init5)
 *(.init5)
 *(.init6)
 *(.init6)
 *(.init7)
 *(.init7)
 *(.init8)
 *(.init8)
 *(.init9)
 .init9         0x0000005c        0x4 c:/winavr-20100110/bin/../lib/gcc/avr/4.3.3/../../../../avr/lib/avr4/crtm8535.o
 *(.init9)
 *(.text)
 .text          0x00000060        0x2 c:/winavr-20100110/bin/../lib/gcc/avr/4.3.3/../../../../avr/lib/avr4/crtm8535.o
                0x00000060                __vector_1
                0x00000060                __vector_12
                0x00000060                __bad_interrupt
                0x00000060                __vector_3
                0x00000060                __vector_11
                0x00000060                __vector_13
                0x00000060                __vector_17
                0x00000060                __vector_19
                0x00000060                __vector_7
                0x00000060                __vector_5
                0x00000060                __vector_4
                0x00000060                __vector_2
                0x00000060                __vector_15
                0x00000060                __vector_8
                0x00000060                __vector_14
                0x00000060                __vector_10
                0x00000060                __vector_16
                0x00000060                __vector_18
                0x00000060                __vector_20
 .text          0x00000062      0x2ce main.o
                0x000000a6                init_main
                0x00000062                __vector_6
                0x000000c0                main
                0x000002e2                __vector_9
 .text          0x00000330       0x62 keyboard.o
                0x00000330                keyboard_get_state
 .text          0x00000392      0x132 uart.o
                0x0000042e                uart_send_data
                0x000003ac                uart_send_int
                0x00000392                uart_init
                0x000003a4                uart_send_byte
 .text          0x000004c4       0xc2 display.o
                0x000004e6                display_set_int
                0x000004c4                display_set_bytes
                0x0000057a                display_init_timer0
                0x00000556                display_flash_once
                0x0000054e                display_off
 .text          0x00000586       0x5c leds.o
                0x000005ce                leds_off
                0x000005d2                leds_random_line
                0x00000586                leds_move_column
                0x000005b8                leds_update
 .text          0x000005e2       0xa0 buzzer.o
                0x000005e2                buzzer_beep
 .text          0x00000682       0x1a timer1.o
                0x00000682                timer1_init
 .text          0x0000069c        0x0 c:/winavr-20100110/bin/../lib/gcc/avr/4.3.3/avr4\libgcc.a(_divmodhi4.o)
 .text          0x0000069c        0x0 c:/winavr-20100110/bin/../lib/gcc/avr/4.3.3/avr4\libgcc.a(_exit.o)
 .text          0x0000069c        0x0 c:/winavr-20100110/bin/../lib/gcc/avr/4.3.3/avr4\libgcc.a(_copy_data.o)
 .text          0x0000069c        0x0 c:/winavr-20100110/bin/../lib/gcc/avr/4.3.3/avr4\libgcc.a(_clear_bss.o)
 .text          0x0000069c       0x50 c:/winavr-20100110/bin/../lib/gcc/avr/4.3.3/avr4\libgcc.a(_fixunssfsi.o)
                0x0000069c                __fixunssfsi
 .text          0x000006ec      0x338 c:/winavr-20100110/bin/../lib/gcc/avr/4.3.3/avr4\libgcc.a(_addsub_sf.o)
                0x00000980                __subsf3
                0x000009d6                __addsf3
 .text          0x00000a24      0x1ea c:/winavr-20100110/bin/../lib/gcc/avr/4.3.3/avr4\libgcc.a(_mul_sf.o)
                0x00000a24                __mulsf3
 .text          0x00000c0e       0x56 c:/winavr-20100110/bin/../lib/gcc/avr/4.3.3/avr4\libgcc.a(_gt_sf.o)
                0x00000c0e                __gtsf2
 .text          0x00000c64       0x56 c:/winavr-20100110/bin/../lib/gcc/avr/4.3.3/avr4\libgcc.a(_ge_sf.o)
                0x00000c64                __gesf2
 .text          0x00000cba       0x56 c:/winavr-20100110/bin/../lib/gcc/avr/4.3.3/avr4\libgcc.a(_lt_sf.o)
                0x00000cba                __ltsf2
 .text          0x00000d10       0xb4 c:/winavr-20100110/bin/../lib/gcc/avr/4.3.3/avr4\libgcc.a(_si_to_sf.o)
                0x00000d10                __floatsisf
 .text          0x00000dc4       0xa2 c:/winavr-20100110/bin/../lib/gcc/avr/4.3.3/avr4\libgcc.a(_sf_to_si.o)
                0x00000dc4                __fixsfsi
 .text          0x00000e66        0x0 c:/winavr-20100110/bin/../lib/gcc/avr/4.3.3/avr4\libgcc.a(_thenan_sf.o)
 .text          0x00000e66        0x0 c:/winavr-20100110/bin/../lib/gcc/avr/4.3.3/avr4\libgcc.a(_udivmodhi4.o)
 .text          0x00000e66        0x0 c:/winavr-20100110/bin/../lib/gcc/avr/4.3.3/avr4\libgcc.a(_prologue.o)
 .text          0x00000e66        0x0 c:/winavr-20100110/bin/../lib/gcc/avr/4.3.3/avr4\libgcc.a(_epilogue.o)
 .text          0x00000e66       0x9e c:/winavr-20100110/bin/../lib/gcc/avr/4.3.3/avr4\libgcc.a(_clzsi2.o)
                0x00000e66                __clzsi2
 .text          0x00000f04      0x1aa c:/winavr-20100110/bin/../lib/gcc/avr/4.3.3/avr4\libgcc.a(_pack_sf.o)
                0x00000f04                __pack_f
 .text          0x000010ae       0xf0 c:/winavr-20100110/bin/../lib/gcc/avr/4.3.3/avr4\libgcc.a(_unpack_sf.o)
                0x000010ae                __unpack_f
 .text          0x0000119e       0xb2 c:/winavr-20100110/bin/../lib/gcc/avr/4.3.3/avr4\libgcc.a(_fpcmp_parts_sf.o)
                0x0000119e                __fpcmp_parts_f
 .text          0x00001250        0x0 c:/winavr-20100110/bin/../lib/gcc/avr/4.3.3/avr4\libgcc.a(_clz.o)
 .text          0x00001250        0x0 c:/winavr-20100110/bin/../lib/gcc/avr/4.3.3/../../../../avr/lib/avr4\libc.a(rand.o)
 .text          0x00001250        0x0 c:/winavr-20100110/bin/../lib/gcc/avr/4.3.3/avr4\libgcc.a(_mulsi3.o)
 .text          0x00001250        0x0 c:/winavr-20100110/bin/../lib/gcc/avr/4.3.3/avr4\libgcc.a(_divmodsi4.o)
 .text          0x00001250        0x0 c:/winavr-20100110/bin/../lib/gcc/avr/4.3.3/avr4\libgcc.a(_udivmodsi4.o)
                0x00001250                . = ALIGN (0x2)
 *(.text.*)
 .text.libgcc   0x00001250       0x26 c:/winavr-20100110/bin/../lib/gcc/avr/4.3.3/avr4\libgcc.a(_divmodhi4.o)
                0x00001250                __divmodhi4
                0x00001250                _div
 .text.libgcc   0x00001276        0x0 c:/winavr-20100110/bin/../lib/gcc/avr/4.3.3/avr4\libgcc.a(_exit.o)
 .text.libgcc   0x00001276        0x0 c:/winavr-20100110/bin/../lib/gcc/avr/4.3.3/avr4\libgcc.a(_copy_data.o)
 .text.libgcc   0x00001276        0x0 c:/winavr-20100110/bin/../lib/gcc/avr/4.3.3/avr4\libgcc.a(_clear_bss.o)
 .text.libgcc   0x00001276       0x28 c:/winavr-20100110/bin/../lib/gcc/avr/4.3.3/avr4\libgcc.a(_udivmodhi4.o)
                0x00001276                __udivmodhi4
 .text.libgcc   0x0000129e       0x38 c:/winavr-20100110/bin/../lib/gcc/avr/4.3.3/avr4\libgcc.a(_prologue.o)
                0x0000129e                __prologue_saves__
 .text.libgcc   0x000012d6       0x36 c:/winavr-20100110/bin/../lib/gcc/avr/4.3.3/avr4\libgcc.a(_epilogue.o)
                0x000012d6                __epilogue_restores__
 .text.avr-libc
                0x0000130c       0xb2 c:/winavr-20100110/bin/../lib/gcc/avr/4.3.3/../../../../avr/lib/avr4\libc.a(rand.o)
                0x0000139c                rand_r
                0x000013a0                rand
                0x000013a8                srand
 .text.libgcc   0x000013be       0x3e c:/winavr-20100110/bin/../lib/gcc/avr/4.3.3/avr4\libgcc.a(_mulsi3.o)
                0x000013be                __mulsi3
 .text.libgcc   0x000013fc       0x36 c:/winavr-20100110/bin/../lib/gcc/avr/4.3.3/avr4\libgcc.a(_divmodsi4.o)
                0x000013fc                __divmodsi4
 .text.libgcc   0x00001432       0x44 c:/winavr-20100110/bin/../lib/gcc/avr/4.3.3/avr4\libgcc.a(_udivmodsi4.o)
                0x00001432                __udivmodsi4
                0x00001476                . = ALIGN (0x2)
 *(.fini9)
 .fini9         0x00001476        0x0 c:/winavr-20100110/bin/../lib/gcc/avr/4.3.3/avr4\libgcc.a(_exit.o)
                0x00001476                exit
                0x00001476                _exit
 *(.fini9)
 *(.fini8)
 *(.fini8)
 *(.fini7)
 *(.fini7)
 *(.fini6)
 *(.fini6)
 *(.fini5)
 *(.fini5)
 *(.fini4)
 *(.fini4)
 *(.fini3)
 *(.fini3)
 *(.fini2)
 *(.fini2)
 *(.fini1)
 *(.fini1)
 *(.fini0)
 .fini0         0x00001476        0x4 c:/winavr-20100110/bin/../lib/gcc/avr/4.3.3/avr4\libgcc.a(_exit.o)
 *(.fini0)
                0x0000147a                _etext = .

.data           0x00800060      0x118 load address 0x0000147a
                0x00800060                PROVIDE (__data_start, .)
 *(.data)
 .data          0x00800060        0x0 c:/winavr-20100110/bin/../lib/gcc/avr/4.3.3/../../../../avr/lib/avr4/crtm8535.o
 .data          0x00800060        0x2 main.o
                0x00800060                delay_amount
 .data          0x00800062        0x8 keyboard.o
                0x00800062                portState
                0x00800066                inputState
 .data          0x0080006a        0x0 uart.o
 .data          0x0080006a        0x0 display.o
 .data          0x0080006a        0x1 leds.o
                0x0080006a                direction
 .data          0x0080006b        0x0 buzzer.o
 .data          0x0080006b        0x0 timer1.o
 .data          0x0080006b        0x0 c:/winavr-20100110/bin/../lib/gcc/avr/4.3.3/avr4\libgcc.a(_divmodhi4.o)
 .data          0x0080006b        0x0 c:/winavr-20100110/bin/../lib/gcc/avr/4.3.3/avr4\libgcc.a(_exit.o)
 .data          0x0080006b        0x0 c:/winavr-20100110/bin/../lib/gcc/avr/4.3.3/avr4\libgcc.a(_copy_data.o)
 .data          0x0080006b        0x0 c:/winavr-20100110/bin/../lib/gcc/avr/4.3.3/avr4\libgcc.a(_clear_bss.o)
 .data          0x0080006b        0x0 c:/winavr-20100110/bin/../lib/gcc/avr/4.3.3/avr4\libgcc.a(_fixunssfsi.o)
 .data          0x0080006b        0x0 c:/winavr-20100110/bin/../lib/gcc/avr/4.3.3/avr4\libgcc.a(_addsub_sf.o)
 .data          0x0080006b        0x0 c:/winavr-20100110/bin/../lib/gcc/avr/4.3.3/avr4\libgcc.a(_mul_sf.o)
 .data          0x0080006b        0x0 c:/winavr-20100110/bin/../lib/gcc/avr/4.3.3/avr4\libgcc.a(_gt_sf.o)
 .data          0x0080006b        0x0 c:/winavr-20100110/bin/../lib/gcc/avr/4.3.3/avr4\libgcc.a(_ge_sf.o)
 .data          0x0080006b        0x0 c:/winavr-20100110/bin/../lib/gcc/avr/4.3.3/avr4\libgcc.a(_lt_sf.o)
 .data          0x0080006b        0x0 c:/winavr-20100110/bin/../lib/gcc/avr/4.3.3/avr4\libgcc.a(_si_to_sf.o)
 .data          0x0080006b        0x0 c:/winavr-20100110/bin/../lib/gcc/avr/4.3.3/avr4\libgcc.a(_sf_to_si.o)
 .data          0x0080006b        0x8 c:/winavr-20100110/bin/../lib/gcc/avr/4.3.3/avr4\libgcc.a(_thenan_sf.o)
                0x0080006b                __thenan_sf
 .data          0x00800073        0x0 c:/winavr-20100110/bin/../lib/gcc/avr/4.3.3/avr4\libgcc.a(_udivmodhi4.o)
 .data          0x00800073        0x0 c:/winavr-20100110/bin/../lib/gcc/avr/4.3.3/avr4\libgcc.a(_prologue.o)
 .data          0x00800073        0x0 c:/winavr-20100110/bin/../lib/gcc/avr/4.3.3/avr4\libgcc.a(_epilogue.o)
 .data          0x00800073        0x0 c:/winavr-20100110/bin/../lib/gcc/avr/4.3.3/avr4\libgcc.a(_clzsi2.o)
 .data          0x00800073        0x0 c:/winavr-20100110/bin/../lib/gcc/avr/4.3.3/avr4\libgcc.a(_pack_sf.o)
 .data          0x00800073        0x0 c:/winavr-20100110/bin/../lib/gcc/avr/4.3.3/avr4\libgcc.a(_unpack_sf.o)
 .data          0x00800073        0x0 c:/winavr-20100110/bin/../lib/gcc/avr/4.3.3/avr4\libgcc.a(_fpcmp_parts_sf.o)
 .data          0x00800073      0x100 c:/winavr-20100110/bin/../lib/gcc/avr/4.3.3/avr4\libgcc.a(_clz.o)
                0x00800073                __clz_tab
 .data          0x00800173        0x4 c:/winavr-20100110/bin/../lib/gcc/avr/4.3.3/../../../../avr/lib/avr4\libc.a(rand.o)
 .data          0x00800177        0x0 c:/winavr-20100110/bin/../lib/gcc/avr/4.3.3/avr4\libgcc.a(_mulsi3.o)
 .data          0x00800177        0x0 c:/winavr-20100110/bin/../lib/gcc/avr/4.3.3/avr4\libgcc.a(_divmodsi4.o)
 .data          0x00800177        0x0 c:/winavr-20100110/bin/../lib/gcc/avr/4.3.3/avr4\libgcc.a(_udivmodsi4.o)
 *(.data*)
 *(.rodata)
 *(.rodata*)
 *(.gnu.linkonce.d*)
                0x00800178                . = ALIGN (0x2)
 *fill*         0x00800177        0x1 00
                0x00800178                _edata = .
                0x00800178                PROVIDE (__data_end, .)

.bss            0x00800178       0x28
                0x00800178                PROVIDE (__bss_start, .)
 *(.bss)
 .bss           0x00800178        0x0 c:/winavr-20100110/bin/../lib/gcc/avr/4.3.3/../../../../avr/lib/avr4/crtm8535.o
 .bss           0x00800178        0xb main.o
                0x0080017e                timer_ms
                0x0080017c                led_line
                0x00800181                sum_timer_ms
                0x0080017a                display_on
                0x0080017d                active
                0x00800180                tries_counter
                0x0080017b                key
                0x00800178                hh
                0x00800179                lock_reset
 .bss           0x00800183        0x2 keyboard.o
                0x00800184                j
                0x00800183                i
 .bss           0x00800185        0x0 uart.o
 .bss           0x00800185        0x1 display.o
                0x00800185                display_pos
 .bss           0x00800186        0x2 leds.o
                0x00800187                column
                0x00800186                line
 .bss           0x00800188        0x0 buzzer.o
 .bss           0x00800188        0x0 timer1.o
 .bss           0x00800188        0x0 c:/winavr-20100110/bin/../lib/gcc/avr/4.3.3/avr4\libgcc.a(_divmodhi4.o)
 .bss           0x00800188        0x0 c:/winavr-20100110/bin/../lib/gcc/avr/4.3.3/avr4\libgcc.a(_exit.o)
 .bss           0x00800188        0x0 c:/winavr-20100110/bin/../lib/gcc/avr/4.3.3/avr4\libgcc.a(_copy_data.o)
 .bss           0x00800188        0x0 c:/winavr-20100110/bin/../lib/gcc/avr/4.3.3/avr4\libgcc.a(_clear_bss.o)
 .bss           0x00800188        0x0 c:/winavr-20100110/bin/../lib/gcc/avr/4.3.3/avr4\libgcc.a(_fixunssfsi.o)
 .bss           0x00800188        0x0 c:/winavr-20100110/bin/../lib/gcc/avr/4.3.3/avr4\libgcc.a(_addsub_sf.o)
 .bss           0x00800188        0x0 c:/winavr-20100110/bin/../lib/gcc/avr/4.3.3/avr4\libgcc.a(_mul_sf.o)
 .bss           0x00800188        0x0 c:/winavr-20100110/bin/../lib/gcc/avr/4.3.3/avr4\libgcc.a(_gt_sf.o)
 .bss           0x00800188        0x0 c:/winavr-20100110/bin/../lib/gcc/avr/4.3.3/avr4\libgcc.a(_ge_sf.o)
 .bss           0x00800188        0x0 c:/winavr-20100110/bin/../lib/gcc/avr/4.3.3/avr4\libgcc.a(_lt_sf.o)
 .bss           0x00800188        0x0 c:/winavr-20100110/bin/../lib/gcc/avr/4.3.3/avr4\libgcc.a(_si_to_sf.o)
 .bss           0x00800188        0x0 c:/winavr-20100110/bin/../lib/gcc/avr/4.3.3/avr4\libgcc.a(_sf_to_si.o)
 .bss           0x00800188        0x0 c:/winavr-20100110/bin/../lib/gcc/avr/4.3.3/avr4\libgcc.a(_thenan_sf.o)
 .bss           0x00800188        0x0 c:/winavr-20100110/bin/../lib/gcc/avr/4.3.3/avr4\libgcc.a(_udivmodhi4.o)
 .bss           0x00800188        0x0 c:/winavr-20100110/bin/../lib/gcc/avr/4.3.3/avr4\libgcc.a(_prologue.o)
 .bss           0x00800188        0x0 c:/winavr-20100110/bin/../lib/gcc/avr/4.3.3/avr4\libgcc.a(_epilogue.o)
 .bss           0x00800188        0x0 c:/winavr-20100110/bin/../lib/gcc/avr/4.3.3/avr4\libgcc.a(_clzsi2.o)
 .bss           0x00800188        0x0 c:/winavr-20100110/bin/../lib/gcc/avr/4.3.3/avr4\libgcc.a(_pack_sf.o)
 .bss           0x00800188        0x0 c:/winavr-20100110/bin/../lib/gcc/avr/4.3.3/avr4\libgcc.a(_unpack_sf.o)
 .bss           0x00800188        0x0 c:/winavr-20100110/bin/../lib/gcc/avr/4.3.3/avr4\libgcc.a(_fpcmp_parts_sf.o)
 .bss           0x00800188        0x0 c:/winavr-20100110/bin/../lib/gcc/avr/4.3.3/avr4\libgcc.a(_clz.o)
 .bss           0x00800188        0x0 c:/winavr-20100110/bin/../lib/gcc/avr/4.3.3/../../../../avr/lib/avr4\libc.a(rand.o)
 .bss           0x00800188        0x0 c:/winavr-20100110/bin/../lib/gcc/avr/4.3.3/avr4\libgcc.a(_mulsi3.o)
 .bss           0x00800188        0x0 c:/winavr-20100110/bin/../lib/gcc/avr/4.3.3/avr4\libgcc.a(_divmodsi4.o)
 .bss           0x00800188        0x0 c:/winavr-20100110/bin/../lib/gcc/avr/4.3.3/avr4\libgcc.a(_udivmodsi4.o)
 *(.bss*)
 *(COMMON)
 COMMON         0x00800188        0xc main.o
                0x00800188                results
                0x0080018e                timer_control
                0x00800190                timer_ms_buff
                0x00800192                debug_activate_ms
 COMMON         0x00800194        0x3 uart.o
                0x00800194                cnt
                0x00800195                divider
 COMMON         0x00800197        0x9 display.o
                0x00800197                d1
                0x00800198                display_temp
                0x00800199                c
                0x0080019d                d2
                0x0080019e                d4
                0x0080019f                d3
                0x008001a0                PROVIDE (__bss_end, .)
                0x0000147a                __data_load_start = LOADADDR (.data)
                0x00001592                __data_load_end = (__data_load_start + SIZEOF (.data))

.noinit         0x008001a0        0x0
                0x008001a0                PROVIDE (__noinit_start, .)
 *(.noinit*)
                0x008001a0                PROVIDE (__noinit_end, .)
                0x008001a0                _end = .
                0x008001a0                PROVIDE (__heap_start, .)

.eeprom         0x00810000        0x0
 *(.eeprom*)
                0x00810000                __eeprom_end = .

.fuse
 *(.fuse)
 *(.lfuse)
 *(.hfuse)
 *(.efuse)

.lock
 *(.lock*)

.signature
 *(.signature*)

.stab
 *(.stab)

.stabstr
 *(.stabstr)

.stab.excl
 *(.stab.excl)

.stab.exclstr
 *(.stab.exclstr)

.stab.index
 *(.stab.index)

.stab.indexstr
 *(.stab.indexstr)

.comment
 *(.comment)

.debug
 *(.debug)

.line
 *(.line)

.debug_srcinfo
 *(.debug_srcinfo)

.debug_sfnames
 *(.debug_sfnames)

.debug_aranges  0x00000000      0x260
 *(.debug_aranges)
 .debug_aranges
                0x00000000       0x20 main.o
 .debug_aranges
                0x00000020       0x20 keyboard.o
 .debug_aranges
                0x00000040       0x20 uart.o
 .debug_aranges
                0x00000060       0x20 display.o
 .debug_aranges
                0x00000080       0x20 leds.o
 .debug_aranges
                0x000000a0       0x20 buzzer.o
 .debug_aranges
                0x000000c0       0x20 timer1.o
 .debug_aranges
                0x000000e0       0x20 c:/winavr-20100110/bin/../lib/gcc/avr/4.3.3/avr4\libgcc.a(_fixunssfsi.o)
 .debug_aranges
                0x00000100       0x20 c:/winavr-20100110/bin/../lib/gcc/avr/4.3.3/avr4\libgcc.a(_addsub_sf.o)
 .debug_aranges
                0x00000120       0x20 c:/winavr-20100110/bin/../lib/gcc/avr/4.3.3/avr4\libgcc.a(_mul_sf.o)
 .debug_aranges
                0x00000140       0x20 c:/winavr-20100110/bin/../lib/gcc/avr/4.3.3/avr4\libgcc.a(_gt_sf.o)
 .debug_aranges
                0x00000160       0x20 c:/winavr-20100110/bin/../lib/gcc/avr/4.3.3/avr4\libgcc.a(_ge_sf.o)
 .debug_aranges
                0x00000180       0x20 c:/winavr-20100110/bin/../lib/gcc/avr/4.3.3/avr4\libgcc.a(_lt_sf.o)
 .debug_aranges
                0x000001a0       0x20 c:/winavr-20100110/bin/../lib/gcc/avr/4.3.3/avr4\libgcc.a(_si_to_sf.o)
 .debug_aranges
                0x000001c0       0x20 c:/winavr-20100110/bin/../lib/gcc/avr/4.3.3/avr4\libgcc.a(_sf_to_si.o)
 .debug_aranges
                0x000001e0       0x20 c:/winavr-20100110/bin/../lib/gcc/avr/4.3.3/avr4\libgcc.a(_clzsi2.o)
 .debug_aranges
                0x00000200       0x20 c:/winavr-20100110/bin/../lib/gcc/avr/4.3.3/avr4\libgcc.a(_pack_sf.o)
 .debug_aranges
                0x00000220       0x20 c:/winavr-20100110/bin/../lib/gcc/avr/4.3.3/avr4\libgcc.a(_unpack_sf.o)
 .debug_aranges
                0x00000240       0x20 c:/winavr-20100110/bin/../lib/gcc/avr/4.3.3/avr4\libgcc.a(_fpcmp_parts_sf.o)

.debug_pubnames
                0x00000000      0x525
 *(.debug_pubnames)
 .debug_pubnames
                0x00000000      0x113 main.o
 .debug_pubnames
                0x00000113       0x52 keyboard.o
 .debug_pubnames
                0x00000165       0x72 uart.o
 .debug_pubnames
                0x000001d7       0xbe display.o
 .debug_pubnames
                0x00000295       0x7b leds.o
 .debug_pubnames
                0x00000310       0x22 buzzer.o
 .debug_pubnames
                0x00000332       0x22 timer1.o
 .debug_pubnames
                0x00000354       0x23 c:/winavr-20100110/bin/../lib/gcc/avr/4.3.3/avr4\libgcc.a(_fixunssfsi.o)
 .debug_pubnames
                0x00000377       0x2c c:/winavr-20100110/bin/../lib/gcc/avr/4.3.3/avr4\libgcc.a(_addsub_sf.o)
 .debug_pubnames
                0x000003a3       0x1f c:/winavr-20100110/bin/../lib/gcc/avr/4.3.3/avr4\libgcc.a(_mul_sf.o)
 .debug_pubnames
                0x000003c2       0x1e c:/winavr-20100110/bin/../lib/gcc/avr/4.3.3/avr4\libgcc.a(_gt_sf.o)
 .debug_pubnames
                0x000003e0       0x1e c:/winavr-20100110/bin/../lib/gcc/avr/4.3.3/avr4\libgcc.a(_ge_sf.o)
 .debug_pubnames
                0x000003fe       0x1e c:/winavr-20100110/bin/../lib/gcc/avr/4.3.3/avr4\libgcc.a(_lt_sf.o)
 .debug_pubnames
                0x0000041c       0x22 c:/winavr-20100110/bin/../lib/gcc/avr/4.3.3/avr4\libgcc.a(_si_to_sf.o)
 .debug_pubnames
                0x0000043e       0x20 c:/winavr-20100110/bin/../lib/gcc/avr/4.3.3/avr4\libgcc.a(_sf_to_si.o)
 .debug_pubnames
                0x0000045e       0x22 c:/winavr-20100110/bin/../lib/gcc/avr/4.3.3/avr4\libgcc.a(_thenan_sf.o)
 .debug_pubnames
                0x00000480       0x1f c:/winavr-20100110/bin/../lib/gcc/avr/4.3.3/avr4\libgcc.a(_clzsi2.o)
 .debug_pubnames
                0x0000049f       0x1f c:/winavr-20100110/bin/../lib/gcc/avr/4.3.3/avr4\libgcc.a(_pack_sf.o)
 .debug_pubnames
                0x000004be       0x21 c:/winavr-20100110/bin/../lib/gcc/avr/4.3.3/avr4\libgcc.a(_unpack_sf.o)
 .debug_pubnames
                0x000004df       0x26 c:/winavr-20100110/bin/../lib/gcc/avr/4.3.3/avr4\libgcc.a(_fpcmp_parts_sf.o)
 .debug_pubnames
                0x00000505       0x20 c:/winavr-20100110/bin/../lib/gcc/avr/4.3.3/avr4\libgcc.a(_clz.o)

.debug_info     0x00000000     0x2a67
 *(.debug_info)
 .debug_info    0x00000000      0x312 main.o
 .debug_info    0x00000312       0xd3 keyboard.o
 .debug_info    0x000003e5      0x236 uart.o
 .debug_info    0x0000061b      0x19c display.o
 .debug_info    0x000007b7       0xeb leds.o
 .debug_info    0x000008a2      0x144 buzzer.o
 .debug_info    0x000009e6       0x71 timer1.o
 .debug_info    0x00000a57       0xb1 c:/winavr-20100110/bin/../lib/gcc/avr/4.3.3/avr4\libgcc.a(_fixunssfsi.o)
 .debug_info    0x00000b08      0x47a c:/winavr-20100110/bin/../lib/gcc/avr/4.3.3/avr4\libgcc.a(_addsub_sf.o)
 .debug_info    0x00000f82      0x485 c:/winavr-20100110/bin/../lib/gcc/avr/4.3.3/avr4\libgcc.a(_mul_sf.o)
 .debug_info    0x00001407      0x27f c:/winavr-20100110/bin/../lib/gcc/avr/4.3.3/avr4\libgcc.a(_gt_sf.o)
 .debug_info    0x00001686      0x27f c:/winavr-20100110/bin/../lib/gcc/avr/4.3.3/avr4\libgcc.a(_ge_sf.o)
 .debug_info    0x00001905      0x27f c:/winavr-20100110/bin/../lib/gcc/avr/4.3.3/avr4\libgcc.a(_lt_sf.o)
 .debug_info    0x00001b84      0x207 c:/winavr-20100110/bin/../lib/gcc/avr/4.3.3/avr4\libgcc.a(_si_to_sf.o)
 .debug_info    0x00001d8b      0x2b0 c:/winavr-20100110/bin/../lib/gcc/avr/4.3.3/avr4\libgcc.a(_sf_to_si.o)
 .debug_info    0x0000203b      0x12c c:/winavr-20100110/bin/../lib/gcc/avr/4.3.3/avr4\libgcc.a(_thenan_sf.o)
 .debug_info    0x00002167      0x117 c:/winavr-20100110/bin/../lib/gcc/avr/4.3.3/avr4\libgcc.a(_clzsi2.o)
 .debug_info    0x0000227e      0x2df c:/winavr-20100110/bin/../lib/gcc/avr/4.3.3/avr4\libgcc.a(_pack_sf.o)
 .debug_info    0x0000255d      0x251 c:/winavr-20100110/bin/../lib/gcc/avr/4.3.3/avr4\libgcc.a(_unpack_sf.o)
 .debug_info    0x000027ae      0x210 c:/winavr-20100110/bin/../lib/gcc/avr/4.3.3/avr4\libgcc.a(_fpcmp_parts_sf.o)
 .debug_info    0x000029be       0xa9 c:/winavr-20100110/bin/../lib/gcc/avr/4.3.3/avr4\libgcc.a(_clz.o)
 *(.gnu.linkonce.wi.*)

.debug_abbrev   0x00000000     0x1643
 *(.debug_abbrev)
 .debug_abbrev  0x00000000      0x12f main.o
 .debug_abbrev  0x0000012f       0x7c keyboard.o
 .debug_abbrev  0x000001ab       0xfc uart.o
 .debug_abbrev  0x000002a7       0xbe display.o
 .debug_abbrev  0x00000365       0x63 leds.o
 .debug_abbrev  0x000003c8       0xdd buzzer.o
 .debug_abbrev  0x000004a5       0x3d timer1.o
 .debug_abbrev  0x000004e2       0x5d c:/winavr-20100110/bin/../lib/gcc/avr/4.3.3/avr4\libgcc.a(_fixunssfsi.o)
 .debug_abbrev  0x0000053f      0x1ea c:/winavr-20100110/bin/../lib/gcc/avr/4.3.3/avr4\libgcc.a(_addsub_sf.o)
 .debug_abbrev  0x00000729      0x21b c:/winavr-20100110/bin/../lib/gcc/avr/4.3.3/avr4\libgcc.a(_mul_sf.o)
 .debug_abbrev  0x00000944      0x15a c:/winavr-20100110/bin/../lib/gcc/avr/4.3.3/avr4\libgcc.a(_gt_sf.o)
 .debug_abbrev  0x00000a9e      0x15a c:/winavr-20100110/bin/../lib/gcc/avr/4.3.3/avr4\libgcc.a(_ge_sf.o)
 .debug_abbrev  0x00000bf8      0x15a c:/winavr-20100110/bin/../lib/gcc/avr/4.3.3/avr4\libgcc.a(_lt_sf.o)
 .debug_abbrev  0x00000d52      0x148 c:/winavr-20100110/bin/../lib/gcc/avr/4.3.3/avr4\libgcc.a(_si_to_sf.o)
 .debug_abbrev  0x00000e9a      0x17f c:/winavr-20100110/bin/../lib/gcc/avr/4.3.3/avr4\libgcc.a(_sf_to_si.o)
 .debug_abbrev  0x00001019       0xad c:/winavr-20100110/bin/../lib/gcc/avr/4.3.3/avr4\libgcc.a(_thenan_sf.o)
 .debug_abbrev  0x000010c6       0xc4 c:/winavr-20100110/bin/../lib/gcc/avr/4.3.3/avr4\libgcc.a(_clzsi2.o)
 .debug_abbrev  0x0000118a      0x1c0 c:/winavr-20100110/bin/../lib/gcc/avr/4.3.3/avr4\libgcc.a(_pack_sf.o)
 .debug_abbrev  0x0000134a      0x154 c:/winavr-20100110/bin/../lib/gcc/avr/4.3.3/avr4\libgcc.a(_unpack_sf.o)
 .debug_abbrev  0x0000149e      0x13b c:/winavr-20100110/bin/../lib/gcc/avr/4.3.3/avr4\libgcc.a(_fpcmp_parts_sf.o)
 .debug_abbrev  0x000015d9       0x6a c:/winavr-20100110/bin/../lib/gcc/avr/4.3.3/avr4\libgcc.a(_clz.o)

.debug_line     0x00000000     0x19dd
 *(.debug_line)
 .debug_line    0x00000000      0x393 main.o
 .debug_line    0x00000393       0x8f keyboard.o
 .debug_line    0x00000422      0x1d9 uart.o
 .debug_line    0x000005fb      0x126 display.o
 .debug_line    0x00000721       0xdd leds.o
 .debug_line    0x000007fe      0x15f buzzer.o
 .debug_line    0x0000095d       0x7d timer1.o
 .debug_line    0x000009da       0xa7 c:/winavr-20100110/bin/../lib/gcc/avr/4.3.3/avr4\libgcc.a(_fixunssfsi.o)
 .debug_line    0x00000a81      0x2af c:/winavr-20100110/bin/../lib/gcc/avr/4.3.3/avr4\libgcc.a(_addsub_sf.o)
 .debug_line    0x00000d30      0x239 c:/winavr-20100110/bin/../lib/gcc/avr/4.3.3/avr4\libgcc.a(_mul_sf.o)
 .debug_line    0x00000f69       0xd3 c:/winavr-20100110/bin/../lib/gcc/avr/4.3.3/avr4\libgcc.a(_gt_sf.o)
 .debug_line    0x0000103c       0xd3 c:/winavr-20100110/bin/../lib/gcc/avr/4.3.3/avr4\libgcc.a(_ge_sf.o)
 .debug_line    0x0000110f       0xd3 c:/winavr-20100110/bin/../lib/gcc/avr/4.3.3/avr4\libgcc.a(_lt_sf.o)
 .debug_line    0x000011e2      0x135 c:/winavr-20100110/bin/../lib/gcc/avr/4.3.3/avr4\libgcc.a(_si_to_sf.o)
 .debug_line    0x00001317      0x109 c:/winavr-20100110/bin/../lib/gcc/avr/4.3.3/avr4\libgcc.a(_sf_to_si.o)
 .debug_line    0x00001420       0x90 c:/winavr-20100110/bin/../lib/gcc/avr/4.3.3/avr4\libgcc.a(_thenan_sf.o)
 .debug_line    0x000014b0       0xa5 c:/winavr-20100110/bin/../lib/gcc/avr/4.3.3/avr4\libgcc.a(_clzsi2.o)
 .debug_line    0x00001555      0x18a c:/winavr-20100110/bin/../lib/gcc/avr/4.3.3/avr4\libgcc.a(_pack_sf.o)
 .debug_line    0x000016df      0x14b c:/winavr-20100110/bin/../lib/gcc/avr/4.3.3/avr4\libgcc.a(_unpack_sf.o)
 .debug_line    0x0000182a      0x137 c:/winavr-20100110/bin/../lib/gcc/avr/4.3.3/avr4\libgcc.a(_fpcmp_parts_sf.o)
 .debug_line    0x00001961       0x7c c:/winavr-20100110/bin/../lib/gcc/avr/4.3.3/avr4\libgcc.a(_clz.o)

.debug_frame    0x00000000      0x350
 *(.debug_frame)
 .debug_frame   0x00000000       0x50 main.o
 .debug_frame   0x00000050       0x20 keyboard.o
 .debug_frame   0x00000070       0x50 uart.o
 .debug_frame   0x000000c0       0x60 display.o
 .debug_frame   0x00000120       0x50 leds.o
 .debug_frame   0x00000170       0x20 buzzer.o
 .debug_frame   0x00000190       0x20 timer1.o
 .debug_frame   0x000001b0       0x20 c:/winavr-20100110/bin/../lib/gcc/avr/4.3.3/avr4\libgcc.a(_fixunssfsi.o)
 .debug_frame   0x000001d0       0x40 c:/winavr-20100110/bin/../lib/gcc/avr/4.3.3/avr4\libgcc.a(_addsub_sf.o)
 .debug_frame   0x00000210       0x20 c:/winavr-20100110/bin/../lib/gcc/avr/4.3.3/avr4\libgcc.a(_mul_sf.o)
 .debug_frame   0x00000230       0x20 c:/winavr-20100110/bin/../lib/gcc/avr/4.3.3/avr4\libgcc.a(_gt_sf.o)
 .debug_frame   0x00000250       0x20 c:/winavr-20100110/bin/../lib/gcc/avr/4.3.3/avr4\libgcc.a(_ge_sf.o)
 .debug_frame   0x00000270       0x20 c:/winavr-20100110/bin/../lib/gcc/avr/4.3.3/avr4\libgcc.a(_lt_sf.o)
 .debug_frame   0x00000290       0x20 c:/winavr-20100110/bin/../lib/gcc/avr/4.3.3/avr4\libgcc.a(_si_to_sf.o)
 .debug_frame   0x000002b0       0x20 c:/winavr-20100110/bin/../lib/gcc/avr/4.3.3/avr4\libgcc.a(_sf_to_si.o)
 .debug_frame   0x000002d0       0x20 c:/winavr-20100110/bin/../lib/gcc/avr/4.3.3/avr4\libgcc.a(_clzsi2.o)
 .debug_frame   0x000002f0       0x20 c:/winavr-20100110/bin/../lib/gcc/avr/4.3.3/avr4\libgcc.a(_pack_sf.o)
 .debug_frame   0x00000310       0x20 c:/winavr-20100110/bin/../lib/gcc/avr/4.3.3/avr4\libgcc.a(_unpack_sf.o)
 .debug_frame   0x00000330       0x20 c:/winavr-20100110/bin/../lib/gcc/avr/4.3.3/avr4\libgcc.a(_fpcmp_parts_sf.o)

.debug_str      0x00000000      0x597
 *(.debug_str)
 .debug_str     0x00000000      0x176 main.o
                                0x1bd (size before relaxing)
 .debug_str     0x00000176       0x36 keyboard.o
                                 0xf4 (size before relaxing)
 .debug_str     0x000001ac       0x60 uart.o
                                0x123 (size before relaxing)
 .debug_str     0x0000020c       0x82 display.o
                                0x140 (size before relaxing)
 .debug_str     0x0000028e       0x4b leds.o
                                0x115 (size before relaxing)
 .debug_str     0x000002d9       0x27 buzzer.o
                                0x123 (size before relaxing)
 .debug_str     0x00000300       0x18 timer1.o
                                 0xd1 (size before relaxing)
 .debug_str     0x00000318       0x80 c:/winavr-20100110/bin/../lib/gcc/avr/4.3.3/avr4\libgcc.a(_fixunssfsi.o)
                                 0xfe (size before relaxing)
 .debug_str     0x00000398      0x14d c:/winavr-20100110/bin/../lib/gcc/avr/4.3.3/avr4\libgcc.a(_addsub_sf.o)
                                0x206 (size before relaxing)
 .debug_str     0x000004e5       0x27 c:/winavr-20100110/bin/../lib/gcc/avr/4.3.3/avr4\libgcc.a(_mul_sf.o)
                                0x1bf (size before relaxing)
 .debug_str     0x0000050c        0x8 c:/winavr-20100110/bin/../lib/gcc/avr/4.3.3/avr4\libgcc.a(_gt_sf.o)
                                0x195 (size before relaxing)
 .debug_str     0x00000514        0x8 c:/winavr-20100110/bin/../lib/gcc/avr/4.3.3/avr4\libgcc.a(_ge_sf.o)
                                0x195 (size before relaxing)
 .debug_str     0x0000051c        0x8 c:/winavr-20100110/bin/../lib/gcc/avr/4.3.3/avr4\libgcc.a(_lt_sf.o)
                                0x195 (size before relaxing)
 .debug_str     0x00000524       0x1e c:/winavr-20100110/bin/../lib/gcc/avr/4.3.3/avr4\libgcc.a(_si_to_sf.o)
                                0x17b (size before relaxing)
 .debug_str     0x00000542        0xa c:/winavr-20100110/bin/../lib/gcc/avr/4.3.3/avr4\libgcc.a(_sf_to_si.o)
                                0x19e (size before relaxing)
 .debug_str     0x00000000      0x103 c:/winavr-20100110/bin/../lib/gcc/avr/4.3.3/avr4\libgcc.a(_thenan_sf.o)
 .debug_str     0x0000054c       0x20 c:/winavr-20100110/bin/../lib/gcc/avr/4.3.3/avr4\libgcc.a(_clzsi2.o)
                                0x111 (size before relaxing)
 .debug_str     0x0000056c       0x10 c:/winavr-20100110/bin/../lib/gcc/avr/4.3.3/avr4\libgcc.a(_pack_sf.o)
                                0x19d (size before relaxing)
 .debug_str     0x0000057c        0xb c:/winavr-20100110/bin/../lib/gcc/avr/4.3.3/avr4\libgcc.a(_unpack_sf.o)
                                0x17f (size before relaxing)
 .debug_str     0x00000587       0x10 c:/winavr-20100110/bin/../lib/gcc/avr/4.3.3/avr4\libgcc.a(_fpcmp_parts_sf.o)
                                0x163 (size before relaxing)
 .debug_str     0x00000000       0xf4 c:/winavr-20100110/bin/../lib/gcc/avr/4.3.3/avr4\libgcc.a(_clz.o)

.debug_loc      0x00000000      0xb7f
 *(.debug_loc)
 .debug_loc     0x00000000      0x128 main.o
 .debug_loc     0x00000128       0x96 uart.o
 .debug_loc     0x000001be       0x3b display.o
 .debug_loc     0x000001f9       0x78 buzzer.o
 .debug_loc     0x00000271       0x34 c:/winavr-20100110/bin/../lib/gcc/avr/4.3.3/avr4\libgcc.a(_fixunssfsi.o)
 .debug_loc     0x000002a5      0x32a c:/winavr-20100110/bin/../lib/gcc/avr/4.3.3/avr4\libgcc.a(_addsub_sf.o)
 .debug_loc     0x000005cf      0x104 c:/winavr-20100110/bin/../lib/gcc/avr/4.3.3/avr4\libgcc.a(_mul_sf.o)
 .debug_loc     0x000006d3       0x3c c:/winavr-20100110/bin/../lib/gcc/avr/4.3.3/avr4\libgcc.a(_gt_sf.o)
 .debug_loc     0x0000070f       0x3c c:/winavr-20100110/bin/../lib/gcc/avr/4.3.3/avr4\libgcc.a(_ge_sf.o)
 .debug_loc     0x0000074b       0x3c c:/winavr-20100110/bin/../lib/gcc/avr/4.3.3/avr4\libgcc.a(_lt_sf.o)
 .debug_loc     0x00000787       0xac c:/winavr-20100110/bin/../lib/gcc/avr/4.3.3/avr4\libgcc.a(_si_to_sf.o)
 .debug_loc     0x00000833       0x7e c:/winavr-20100110/bin/../lib/gcc/avr/4.3.3/avr4\libgcc.a(_sf_to_si.o)
 .debug_loc     0x000008b1       0x94 c:/winavr-20100110/bin/../lib/gcc/avr/4.3.3/avr4\libgcc.a(_clzsi2.o)
 .debug_loc     0x00000945      0x13e c:/winavr-20100110/bin/../lib/gcc/avr/4.3.3/avr4\libgcc.a(_pack_sf.o)
 .debug_loc     0x00000a83       0xac c:/winavr-20100110/bin/../lib/gcc/avr/4.3.3/avr4\libgcc.a(_unpack_sf.o)
 .debug_loc     0x00000b2f       0x50 c:/winavr-20100110/bin/../lib/gcc/avr/4.3.3/avr4\libgcc.a(_fpcmp_parts_sf.o)

.debug_macinfo
 *(.debug_macinfo)
OUTPUT(lab7.elf elf32-avr)
LOAD linker stubs

.debug_ranges   0x00000000       0xf8
 .debug_ranges  0x00000000       0x48 main.o
 .debug_ranges  0x00000048       0x60 uart.o
 .debug_ranges  0x000000a8       0x50 c:/winavr-20100110/bin/../lib/gcc/avr/4.3.3/avr4\libgcc.a(_mul_sf.o)
